// Jest Snapshot v1, https://goo.gl/fbAQLP

exports[`DateComponent component Renders correctly 1`] = `
<styled.div>
  <span
    className="text-muted"
  >
    Tue Dec 10 2019
  </span>
</styled.div>
`;
